// Jest Snapshot v1, https://goo.gl/fbAQLP

exports[`should resolve id with API response 1`] = `"MOCK_ID"`;
