// Jest Snapshot v1, https://goo.gl/fbAQLP

exports[`should return config 1`] = `
Object {
  "BASE_URL": "https://m131jyck4m.execute-api.us-west-2.amazonaws.com/prod",
  "LABEL": "Polls",
}
`;
