// Jest Snapshot v1, https://goo.gl/fbAQLP

exports[`should return command with body content 1`] = `
Array [
  "/polls 1 2 3",
  "1 2 3",
]
`;

exports[`should return command without argument 1`] = `
Array [
  "/polls",
  undefined,
]
`;

exports[`should return only one command 1`] = `
Array [
  "/polls 4 5 6",
  "4 5 6",
]
`;

exports[`should return the first matched command 1`] = `
Array [
  "/polls 7 8 69",
  "7 8 69",
]
`;
